Loaded CSV with 50 days of demand data
News scheduled for days: [2, 18, 39]
Set NUM_DAYS to 50 based on CSV

=== OR Agent Initialized ===
chips(Regular):
  Lead time (L): 2
  Profit (p): 2.5, Holding cost (h): 0.1
  Critical fractile (q): 0.9615
  z* = Φ^(-1)(q): 1.7688
  Initial samples: [200, 202, 202, 205, 188, 201, 204, 198, 201, 195]
chips(BBQ):
  Lead time (L): 2
  Profit (p): 2.0, Holding cost (h): 0.08
  Critical fractile (q): 0.9615
  z* = Φ^(-1)(q): 1.7688
  Initial samples: [142, 155, 126, 115, 166, 176, 127, 131, 155, 164]

Day 1 OR Decision: {
  "action": {
    "chips(Regular)": 610,
    "chips(BBQ)": 495
  },
  "rationale": "OR base-stock policy: chips(Regular): base_stock=614.0 (\u03bc\u0302=598.8, \u03c3\u0302=8.6, z*=1.77), current_inv=5, order=610; chips(BBQ): base_stock=499.6 (\u03bc\u0302=437.1, \u03c3\u0302=35.3, z*=1.77), current_inv=5, order=495"
}

Day 1 Demand: {
  "action": {
    "chips(Regular)": 198,
    "chips(BBQ)": 135
  }
}

=== Day 1 Summary ===
chips(Regular): ordered=610, requested=198, sold=5, stock=0
chips(BBQ): ordered=495, requested=135, sold=5, stock=0
Daily Profit: $22.50, Daily Holding Cost: $0.00
Daily Reward (R_t): $22.50

Day 2 OR Decision: {
  "action": {
    "chips(Regular)": 3,
    "chips(BBQ)": 0
  },
  "rationale": "OR base-stock policy: chips(Regular): base_stock=612.9 (\u03bc\u0302=598.4, \u03c3\u0302=8.2, z*=1.77), current_inv=610, order=3; chips(BBQ): base_stock=494.3 (\u03bc\u0302=434.2, \u03c3\u0302=34.0, z*=1.77), current_inv=495, order=0"
}

Day 2 Demand: {
  "action": {
    "chips(Regular)": 205,
    "chips(BBQ)": 130
  }
}

=== Day 2 Summary ===
NEWS: Hit Reality Show to Air Finale The Day After Tomorrow: Watch Parties Surge Nationwide
chips(Regular): ordered=3, requested=205, sold=0, stock=0
chips(BBQ): ordered=0, requested=130, sold=0, stock=0
Daily Profit: $0.00, Daily Holding Cost: $0.00
Daily Reward (R_t): $0.00

Day 3 OR Decision: {
  "action": {
    "chips(Regular)": 2,
    "chips(BBQ)": 0
  },
  "rationale": "OR base-stock policy: chips(Regular): base_stock=614.4 (\u03bc\u0302=599.8, \u03c3\u0302=8.3, z*=1.77), current_inv=613, order=2; chips(BBQ): base_stock=489.3 (\u03bc\u0302=430.5, \u03c3\u0302=33.2, z*=1.77), current_inv=495, order=0"
}

Day 3 Demand: {
  "action": {
    "chips(Regular)": 315,
    "chips(BBQ)": 217
  }
}

=== Day 3 Summary ===
chips(Regular): ordered=2, requested=315, sold=315, stock=295
chips(BBQ): ordered=0, requested=217, sold=217, stock=278
Daily Profit: $1221.50, Daily Holding Cost: $51.74
Daily Reward (R_t): $1169.76

Day 4 OR Decision: {
  "action": {
    "chips(Regular)": 426,
    "chips(BBQ)": 254
  },
  "rationale": "OR base-stock policy: chips(Regular): base_stock=725.1 (\u03bc\u0302=626.3, \u03c3\u0302=55.9, z*=1.77), current_inv=300, order=426; chips(BBQ): base_stock=531.5 (\u03bc\u0302=447.5, \u03c3\u0302=47.5, z*=1.77), current_inv=278, order=254"
}

Day 4 Demand: {
  "action": {
    "chips(Regular)": 299,
    "chips(BBQ)": 216
  }
}

=== Day 4 Summary ===
chips(Regular): ordered=426, requested=299, sold=298, stock=0
chips(BBQ): ordered=254, requested=216, sold=216, stock=62
Daily Profit: $1177.00, Daily Holding Cost: $4.96
Daily Reward (R_t): $1172.04

Day 5 OR Decision: {
  "action": {
    "chips(Regular)": 338,
    "chips(BBQ)": 244
  },
  "rationale": "OR base-stock policy: chips(Regular): base_stock=765.9 (\u03bc\u0302=645.6, \u03c3\u0302=68.0, z*=1.77), current_inv=428, order=338; chips(BBQ): base_stock=559.4 (\u03bc\u0302=461.8, \u03c3\u0302=55.2, z*=1.77), current_inv=316, order=244"
}

Day 5 Demand: {
  "action": {
    "chips(Regular)": 198,
    "chips(BBQ)": 180
  }
}

=== Day 5 Summary ===
chips(Regular): ordered=338, requested=198, sold=2, stock=0
chips(BBQ): ordered=244, requested=180, sold=62, stock=0
Daily Profit: $129.00, Daily Holding Cost: $0.00
Daily Reward (R_t): $129.00

Day 6 OR Decision: {
  "action": {
    "chips(Regular)": 0,
    "chips(BBQ)": 66
  },
  "rationale": "OR base-stock policy: chips(Regular): base_stock=758.9 (\u03bc\u0302=642.2, \u03c3\u0302=66.0, z*=1.77), current_inv=764, order=0; chips(BBQ): base_stock=563.3 (\u03bc\u0302=467.0, \u03c3\u0302=54.4, z*=1.77), current_inv=498, order=66"
}

Day 6 Demand: {
  "action": {
    "chips(Regular)": 199,
    "chips(BBQ)": 131
  }
}

=== Day 6 Summary ===
chips(Regular): ordered=0, requested=199, sold=199, stock=227
chips(BBQ): ordered=66, requested=131, sold=131, stock=123
Daily Profit: $759.50, Daily Holding Cost: $32.54
Daily Reward (R_t): $726.96

Day 7 OR Decision: {
  "action": {
    "chips(Regular)": 188,
    "chips(BBQ)": 125
  },
  "rationale": "OR base-stock policy: chips(Regular): base_stock=752.7 (\u03bc\u0302=639.4, \u03c3\u0302=64.1, z*=1.77), current_inv=565, order=188; chips(BBQ): base_stock=557.3 (\u03bc\u0302=462.4, \u03c3\u0302=53.7, z*=1.77), current_inv=433, order=125"
}

Day 7 Demand: {
  "action": {
    "chips(Regular)": 197,
    "chips(BBQ)": 158
  }
}

=== Day 7 Summary ===
chips(Regular): ordered=188, requested=197, sold=197, stock=368
chips(BBQ): ordered=125, requested=158, sold=158, stock=209
Daily Profit: $808.50, Daily Holding Cost: $53.52
Daily Reward (R_t): $754.98

Day 8 OR Decision: {
  "action": {
    "chips(Regular)": 191,
    "chips(BBQ)": 155
  },
  "rationale": "OR base-stock policy: chips(Regular): base_stock=746.9 (\u03bc\u0302=636.5, \u03c3\u0302=62.4, z*=1.77), current_inv=556, order=191; chips(BBQ): base_stock=555.0 (\u03bc\u0302=463.1, \u03c3\u0302=52.0, z*=1.77), current_inv=400, order=155"
}

Day 8 Demand: {
  "action": {
    "chips(Regular)": 195,
    "chips(BBQ)": 179
  }
}

=== Day 8 Summary ===
chips(Regular): ordered=191, requested=195, sold=195, stock=173
chips(BBQ): ordered=155, requested=179, sold=179, stock=96
Daily Profit: $845.50, Daily Holding Cost: $24.98
Daily Reward (R_t): $820.52

Day 9 OR Decision: {
  "action": {
    "chips(Regular)": 190,
    "chips(BBQ)": 183
  },
  "rationale": "OR base-stock policy: chips(Regular): base_stock=741.5 (\u03bc\u0302=633.7, \u03c3\u0302=60.9, z*=1.77), current_inv=552, order=190; chips(BBQ): base_stock=558.1 (\u03bc\u0302=467.2, \u03c3\u0302=51.4, z*=1.77), current_inv=376, order=183"
}

Day 9 Demand: {
  "action": {
    "chips(Regular)": 200,
    "chips(BBQ)": 134
  }
}

=== Day 9 Summary ===
chips(Regular): ordered=190, requested=200, sold=200, stock=161
chips(BBQ): ordered=183, requested=134, sold=134, stock=87
Daily Profit: $768.00, Daily Holding Cost: $23.06
Daily Reward (R_t): $744.94

Day 10 OR Decision: {
  "action": {
    "chips(Regular)": 195,
    "chips(BBQ)": 129
  },
  "rationale": "OR base-stock policy: chips(Regular): base_stock=737.0 (\u03bc\u0302=631.9, \u03c3\u0302=59.4, z*=1.77), current_inv=542, order=195; chips(BBQ): base_stock=553.4 (\u03bc\u0302=463.7, \u03c3\u0302=50.7, z*=1.77), current_inv=425, order=129"
}

Day 10 Demand: {
  "action": {
    "chips(Regular)": 194,
    "chips(BBQ)": 186
  }
}

=== Day 10 Summary ===
chips(Regular): ordered=195, requested=194, sold=194, stock=158
chips(BBQ): ordered=129, requested=186, sold=186, stock=56
Daily Profit: $857.00, Daily Holding Cost: $20.28
Daily Reward (R_t): $836.72

Day 11 OR Decision: {
  "action": {
    "chips(Regular)": 190,
    "chips(BBQ)": 191
  },
  "rationale": "OR base-stock policy: chips(Regular): base_stock=732.3 (\u03bc\u0302=629.4, \u03c3\u0302=58.2, z*=1.77), current_inv=543, order=190; chips(BBQ): base_stock=558.4 (\u03bc\u0302=468.5, \u03c3\u0302=50.8, z*=1.77), current_inv=368, order=191"
}

Day 11 Demand: {
  "action": {
    "chips(Regular)": 197,
    "chips(BBQ)": 167
  }
}

=== Day 11 Summary ===
chips(Regular): ordered=190, requested=197, sold=197, stock=151
chips(BBQ): ordered=191, requested=167, sold=167, stock=72
Daily Profit: $826.50, Daily Holding Cost: $20.86
Daily Reward (R_t): $805.64

Day 12 OR Decision: {
  "action": {
    "chips(Regular)": 193,
    "chips(BBQ)": 166
  },
  "rationale": "OR base-stock policy: chips(Regular): base_stock=728.2 (\u03bc\u0302=627.6, \u03c3\u0302=56.9, z*=1.77), current_inv=536, order=193; chips(BBQ): base_stock=557.9 (\u03bc\u0302=470.0, \u03c3\u0302=49.7, z*=1.77), current_inv=392, order=166"
}

Day 12 Demand: {
  "action": {
    "chips(Regular)": 199,
    "chips(BBQ)": 145
  }
}

=== Day 12 Summary ===
chips(Regular): ordered=193, requested=199, sold=199, stock=147
chips(BBQ): ordered=166, requested=145, sold=145, stock=56
Daily Profit: $787.50, Daily Holding Cost: $19.18
Daily Reward (R_t): $768.32

Day 13 OR Decision: {
  "action": {
    "chips(Regular)": 195,
    "chips(BBQ)": 142
  },
  "rationale": "OR base-stock policy: chips(Regular): base_stock=724.6 (\u03bc\u0302=626.2, \u03c3\u0302=55.7, z*=1.77), current_inv=530, order=195; chips(BBQ): base_stock=554.6 (\u03bc\u0302=468.4, \u03c3\u0302=48.7, z*=1.77), current_inv=413, order=142"
}

Day 13 Demand: {
  "action": {
    "chips(Regular)": 205,
    "chips(BBQ)": 185
  }
}

=== Day 13 Summary ===
chips(Regular): ordered=195, requested=205, sold=205, stock=132
chips(BBQ): ordered=142, requested=185, sold=185, stock=62
Daily Profit: $882.50, Daily Holding Cost: $18.16
Daily Reward (R_t): $864.34

Day 14 OR Decision: {
  "action": {
    "chips(Regular)": 202,
    "chips(BBQ)": 189
  },
  "rationale": "OR base-stock policy: chips(Regular): base_stock=721.9 (\u03bc\u0302=625.7, \u03c3\u0302=54.4, z*=1.77), current_inv=520, order=202; chips(BBQ): base_stock=558.3 (\u03bc\u0302=472.2, \u03c3\u0302=48.7, z*=1.77), current_inv=370, order=189"
}

Day 14 Demand: {
  "action": {
    "chips(Regular)": 203,
    "chips(BBQ)": 145
  }
}

=== Day 14 Summary ===
chips(Regular): ordered=202, requested=203, sold=203, stock=122
chips(BBQ): ordered=189, requested=145, sold=145, stock=83
Daily Profit: $797.50, Daily Holding Cost: $18.84
Daily Reward (R_t): $778.66

Day 15 OR Decision: {
  "action": {
    "chips(Regular)": 201,
    "chips(BBQ)": 142
  },
  "rationale": "OR base-stock policy: chips(Regular): base_stock=719.2 (\u03bc\u0302=625.0, \u03c3\u0302=53.2, z*=1.77), current_inv=519, order=201; chips(BBQ): base_stock=555.3 (\u03bc\u0302=470.6, \u03c3\u0302=47.8, z*=1.77), current_inv=414, order=142"
}

Day 15 Demand: {
  "action": {
    "chips(Regular)": 192,
    "chips(BBQ)": 170
  }
}

=== Day 15 Summary ===
chips(Regular): ordered=201, requested=192, sold=192, stock=125
chips(BBQ): ordered=142, requested=170, sold=170, stock=55
Daily Profit: $820.00, Daily Holding Cost: $16.90
Daily Reward (R_t): $803.10

Day 16 OR Decision: {
  "action": {
    "chips(Regular)": 188,
    "chips(BBQ)": 170
  },
  "rationale": "OR base-stock policy: chips(Regular): base_stock=715.8 (\u03bc\u0302=623.0, \u03c3\u0302=52.4, z*=1.77), current_inv=528, order=188; chips(BBQ): base_stock=555.4 (\u03bc\u0302=472.2, \u03c3\u0302=47.1, z*=1.77), current_inv=386, order=170"
}

Day 16 Demand: {
  "action": {
    "chips(Regular)": 198,
    "chips(BBQ)": 116
  }
}

=== Day 16 Summary ===
chips(Regular): ordered=188, requested=198, sold=198, stock=129
chips(BBQ): ordered=170, requested=116, sold=116, stock=128
Daily Profit: $727.00, Daily Holding Cost: $23.14
Daily Reward (R_t): $703.86

Day 17 OR Decision: {
  "action": {
    "chips(Regular)": 195,
    "chips(BBQ)": 113
  },
  "rationale": "OR base-stock policy: chips(Regular): base_stock=713.0 (\u03bc\u0302=621.9, \u03c3\u0302=51.5, z*=1.77), current_inv=518, order=195; chips(BBQ): base_stock=552.7 (\u03bc\u0302=467.4, \u03c3\u0302=48.2, z*=1.77), current_inv=440, order=113"
}

Day 17 Demand: {
  "action": {
    "chips(Regular)": 201,
    "chips(BBQ)": 149
  }
}

=== Day 17 Summary ===
chips(Regular): ordered=195, requested=201, sold=201, stock=129
chips(BBQ): ordered=113, requested=149, sold=149, stock=121
Daily Profit: $800.50, Daily Holding Cost: $22.58
Daily Reward (R_t): $777.92

Day 18 OR Decision: {
  "action": {
    "chips(Regular)": 199,
    "chips(BBQ)": 147
  },
  "rationale": "OR base-stock policy: chips(Regular): base_stock=710.6 (\u03bc\u0302=621.2, \u03c3\u0302=50.5, z*=1.77), current_inv=512, order=199; chips(BBQ): base_stock=550.4 (\u03bc\u0302=466.7, \u03c3\u0302=47.3, z*=1.77), current_inv=404, order=147"
}

Day 18 Demand: {
  "action": {
    "chips(Regular)": 196,
    "chips(BBQ)": 130
  }
}

=== Day 18 Summary ===
NEWS: Hit Reality Show to Air Finale The Day After Tomorrow: Watch Parties Surge Nationwide
chips(Regular): ordered=199, requested=196, sold=196, stock=121
chips(BBQ): ordered=147, requested=130, sold=130, stock=161
Daily Profit: $750.00, Daily Holding Cost: $24.98
Daily Reward (R_t): $725.02

Day 19 OR Decision: {
  "action": {
    "chips(Regular)": 193,
    "chips(BBQ)": 127
  },
  "rationale": "OR base-stock policy: chips(Regular): base_stock=708.0 (\u03bc\u0302=620.0, \u03c3\u0302=49.7, z*=1.77), current_inv=515, order=193; chips(BBQ): base_stock=547.4 (\u03bc\u0302=463.9, \u03c3\u0302=47.2, z*=1.77), current_inv=421, order=127"
}

Day 19 Demand: {
  "action": {
    "chips(Regular)": 296,
    "chips(BBQ)": 193
  }
}

=== Day 19 Summary ===
chips(Regular): ordered=193, requested=296, sold=296, stock=20
chips(BBQ): ordered=127, requested=193, sold=193, stock=81
Daily Profit: $1126.00, Daily Holding Cost: $8.48
Daily Reward (R_t): $1117.52

Day 20 OR Decision: {
  "action": {
    "chips(Regular)": 318,
    "chips(BBQ)": 198
  },
  "rationale": "OR base-stock policy: chips(Regular): base_stock=729.5 (\u03bc\u0302=629.3, \u03c3\u0302=56.6, z*=1.77), current_inv=412, order=318; chips(BBQ): base_stock=552.7 (\u03bc\u0302=467.9, \u03c3\u0302=47.9, z*=1.77), current_inv=355, order=198"
}

Day 20 Demand: {
  "action": {
    "chips(Regular)": 308,
    "chips(BBQ)": 240
  }
}

=== Day 20 Summary ===
chips(Regular): ordered=318, requested=308, sold=219, stock=0
chips(BBQ): ordered=198, requested=240, sold=228, stock=0
Daily Profit: $1003.50, Daily Holding Cost: $0.00
Daily Reward (R_t): $1003.50

Day 21 OR Decision: {
  "action": {
    "chips(Regular)": 241,
    "chips(BBQ)": 247
  },
  "rationale": "OR base-stock policy: chips(Regular): base_stock=751.8 (\u03bc\u0302=639.1, \u03c3\u0302=63.7, z*=1.77), current_inv=511, order=241; chips(BBQ): base_stock=572.0 (\u03bc\u0302=476.3, \u03c3\u0302=54.1, z*=1.77), current_inv=325, order=247"
}

Day 21 Demand: {
  "action": {
    "chips(Regular)": 196,
    "chips(BBQ)": 156
  }
}

=== Day 21 Summary ===
chips(Regular): ordered=241, requested=196, sold=193, stock=0
chips(BBQ): ordered=247, requested=156, sold=127, stock=0
Daily Profit: $736.50, Daily Holding Cost: $0.00
Daily Reward (R_t): $736.50

Day 22 OR Decision: {
  "action": {
    "chips(Regular)": 190,
    "chips(BBQ)": 126
  },
  "rationale": "OR base-stock policy: chips(Regular): base_stock=748.7 (\u03bc\u0302=637.5, \u03c3\u0302=62.9, z*=1.77), current_inv=559, order=190; chips(BBQ): base_stock=570.1 (\u03bc\u0302=476.0, \u03c3\u0302=53.2, z*=1.77), current_inv=445, order=126"
}

Day 22 Demand: {
  "action": {
    "chips(Regular)": 200,
    "chips(BBQ)": 156
  }
}

=== Day 22 Summary ===
chips(Regular): ordered=190, requested=200, sold=200, stock=118
chips(BBQ): ordered=126, requested=156, sold=156, stock=42
Daily Profit: $812.00, Daily Holding Cost: $15.16
Daily Reward (R_t): $796.84

Day 23 OR Decision: {
  "action": {
    "chips(Regular)": 197,
    "chips(BBQ)": 154
  },
  "rationale": "OR base-stock policy: chips(Regular): base_stock=745.9 (\u03bc\u0302=636.3, \u03c3\u0302=62.0, z*=1.77), current_inv=549, order=197; chips(BBQ): base_stock=568.3 (\u03bc\u0302=475.8, \u03c3\u0302=52.3, z*=1.77), current_inv=415, order=154"
}

Day 23 Demand: {
  "action": {
    "chips(Regular)": 200,
    "chips(BBQ)": 173
  }
}

=== Day 23 Summary ===
chips(Regular): ordered=197, requested=200, sold=200, stock=159
chips(BBQ): ordered=154, requested=173, sold=173, stock=116
Daily Profit: $846.00, Daily Holding Cost: $25.18
Daily Reward (R_t): $820.82

Day 24 OR Decision: {
  "action": {
    "chips(Regular)": 198,
    "chips(BBQ)": 173
  },
  "rationale": "OR base-stock policy: chips(Regular): base_stock=743.3 (\u03bc\u0302=635.2, \u03c3\u0302=61.1, z*=1.77), current_inv=546, order=198; chips(BBQ): base_stock=568.5 (\u03bc\u0302=477.1, \u03c3\u0302=51.7, z*=1.77), current_inv=396, order=173"
}

Day 24 Demand: {
  "action": {
    "chips(Regular)": 195,
    "chips(BBQ)": 154
  }
}

=== Day 24 Summary ===
chips(Regular): ordered=198, requested=195, sold=195, stock=154
chips(BBQ): ordered=173, requested=154, sold=154, stock=88
Daily Profit: $795.50, Daily Holding Cost: $22.44
Daily Reward (R_t): $773.06

Day 25 OR Decision: {
  "action": {
    "chips(Regular)": 192,
    "chips(BBQ)": 152
  },
  "rationale": "OR base-stock policy: chips(Regular): base_stock=740.5 (\u03bc\u0302=633.7, \u03c3\u0302=60.4, z*=1.77), current_inv=549, order=192; chips(BBQ): base_stock=566.7 (\u03bc\u0302=476.6, \u03c3\u0302=50.9, z*=1.77), current_inv=415, order=152"
}

Day 25 Demand: {
  "action": {
    "chips(Regular)": 196,
    "chips(BBQ)": 186
  }
}

=== Day 25 Summary ===
chips(Regular): ordered=192, requested=196, sold=196, stock=155
chips(BBQ): ordered=152, requested=186, sold=186, stock=56
Daily Profit: $862.00, Daily Holding Cost: $19.98
Daily Reward (R_t): $842.02

Day 26 OR Decision: {
  "action": {
    "chips(Regular)": 193,
    "chips(BBQ)": 188
  },
  "rationale": "OR base-stock policy: chips(Regular): base_stock=737.9 (\u03bc\u0302=632.4, \u03c3\u0302=59.7, z*=1.77), current_inv=545, order=193; chips(BBQ): base_stock=568.8 (\u03bc\u0302=479.0, \u03c3\u0302=50.8, z*=1.77), current_inv=381, order=188"
}

Day 26 Demand: {
  "action": {
    "chips(Regular)": 192,
    "chips(BBQ)": 126
  }
}

=== Day 26 Summary ===
chips(Regular): ordered=193, requested=192, sold=192, stock=161
chips(BBQ): ordered=188, requested=126, sold=126, stock=103
Daily Profit: $732.00, Daily Holding Cost: $24.34
Daily Reward (R_t): $707.66

Day 27 OR Decision: {
  "action": {
    "chips(Regular)": 190,
    "chips(BBQ)": 124
  },
  "rationale": "OR base-stock policy: chips(Regular): base_stock=735.3 (\u03bc\u0302=630.8, \u03c3\u0302=59.1, z*=1.77), current_inv=546, order=190; chips(BBQ): base_stock=566.4 (\u03bc\u0302=476.2, \u03c3\u0302=51.0, z*=1.77), current_inv=443, order=124"
}

Day 27 Demand: {
  "action": {
    "chips(Regular)": 206,
    "chips(BBQ)": 146
  }
}

=== Day 27 Summary ===
chips(Regular): ordered=190, requested=206, sold=206, stock=147
chips(BBQ): ordered=124, requested=146, sold=146, stock=109
Daily Profit: $807.00, Daily Holding Cost: $23.42
Daily Reward (R_t): $783.58

Day 28 OR Decision: {
  "action": {
    "chips(Regular)": 204,
    "chips(BBQ)": 144
  },
  "rationale": "OR base-stock policy: chips(Regular): base_stock=733.5 (\u03bc\u0302=630.5, \u03c3\u0302=58.2, z*=1.77), current_inv=530, order=204; chips(BBQ): base_stock=564.3 (\u03bc\u0302=475.1, \u03c3\u0302=50.4, z*=1.77), current_inv=421, order=144"
}

Day 28 Demand: {
  "action": {
    "chips(Regular)": 203,
    "chips(BBQ)": 133
  }
}

=== Day 28 Summary ===
chips(Regular): ordered=204, requested=203, sold=203, stock=137
chips(BBQ): ordered=144, requested=133, sold=133, stock=164
Daily Profit: $773.50, Daily Holding Cost: $26.82
Daily Reward (R_t): $746.68

Day 29 OR Decision: {
  "action": {
    "chips(Regular)": 201,
    "chips(BBQ)": 130
  },
  "rationale": "OR base-stock policy: chips(Regular): base_stock=731.6 (\u03bc\u0302=629.9, \u03c3\u0302=57.5, z*=1.77), current_inv=531, order=201; chips(BBQ): base_stock=562.0 (\u03bc\u0302=473.1, \u03c3\u0302=50.2, z*=1.77), current_inv=432, order=130"
}

Day 29 Demand: {
  "action": {
    "chips(Regular)": 209,
    "chips(BBQ)": 148
  }
}

=== Day 29 Summary ===
chips(Regular): ordered=201, requested=209, sold=209, stock=118
chips(BBQ): ordered=130, requested=148, sold=148, stock=140
Daily Profit: $818.50, Daily Holding Cost: $23.00
Daily Reward (R_t): $795.50

Day 30 OR Decision: {
  "action": {
    "chips(Regular)": 208,
    "chips(BBQ)": 147
  },
  "rationale": "OR base-stock policy: chips(Regular): base_stock=730.2 (\u03bc\u0302=629.8, \u03c3\u0302=56.7, z*=1.77), current_inv=523, order=208; chips(BBQ): base_stock=560.2 (\u03bc\u0302=472.4, \u03c3\u0302=49.6, z*=1.77), current_inv=414, order=147"
}

Day 30 Demand: {
  "action": {
    "chips(Regular)": 200,
    "chips(BBQ)": 146
  }
}

=== Day 30 Summary ===
chips(Regular): ordered=208, requested=200, sold=200, stock=122
chips(BBQ): ordered=147, requested=146, sold=146, stock=138
Daily Profit: $792.00, Daily Holding Cost: $23.24
Daily Reward (R_t): $768.76

Day 31 OR Decision: {
  "action": {
    "chips(Regular)": 198,
    "chips(BBQ)": 144
  },
  "rationale": "OR base-stock policy: chips(Regular): base_stock=728.2 (\u03bc\u0302=629.1, \u03c3\u0302=56.1, z*=1.77), current_inv=531, order=198; chips(BBQ): base_stock=558.4 (\u03bc\u0302=471.5, \u03c3\u0302=49.1, z*=1.77), current_inv=415, order=144"
}

Day 31 Demand: {
  "action": {
    "chips(Regular)": 191,
    "chips(BBQ)": 123
  }
}

=== Day 31 Summary ===
chips(Regular): ordered=198, requested=191, sold=191, stock=132
chips(BBQ): ordered=144, requested=123, sold=123, stock=145
Daily Profit: $723.50, Daily Holding Cost: $24.80
Daily Reward (R_t): $698.70

Day 32 OR Decision: {
  "action": {
    "chips(Regular)": 189,
    "chips(BBQ)": 121
  },
  "rationale": "OR base-stock policy: chips(Regular): base_stock=726.0 (\u03bc\u0302=627.7, \u03c3\u0302=55.6, z*=1.77), current_inv=538, order=189; chips(BBQ): base_stock=556.3 (\u03bc\u0302=469.0, \u03c3\u0302=49.4, z*=1.77), current_inv=436, order=121"
}

Day 32 Demand: {
  "action": {
    "chips(Regular)": 199,
    "chips(BBQ)": 133
  }
}

=== Day 32 Summary ===
chips(Regular): ordered=189, requested=199, sold=199, stock=141
chips(BBQ): ordered=121, requested=133, sold=133, stock=159
Daily Profit: $763.50, Daily Holding Cost: $26.82
Daily Reward (R_t): $736.68

Day 33 OR Decision: {
  "action": {
    "chips(Regular)": 197,
    "chips(BBQ)": 131
  },
  "rationale": "OR base-stock policy: chips(Regular): base_stock=724.2 (\u03bc\u0302=627.0, \u03c3\u0302=55.0, z*=1.77), current_inv=528, order=197; chips(BBQ): base_stock=554.3 (\u03bc\u0302=467.4, \u03c3\u0302=49.2, z*=1.77), current_inv=424, order=131"
}

Day 33 Demand: {
  "action": {
    "chips(Regular)": 207,
    "chips(BBQ)": 167
  }
}

=== Day 33 Summary ===
chips(Regular): ordered=197, requested=207, sold=207, stock=132
chips(BBQ): ordered=131, requested=167, sold=167, stock=136
Daily Profit: $851.50, Daily Holding Cost: $24.08
Daily Reward (R_t): $827.42

Day 34 OR Decision: {
  "action": {
    "chips(Regular)": 205,
    "chips(BBQ)": 167
  },
  "rationale": "OR base-stock policy: chips(Regular): base_stock=722.9 (\u03bc\u0302=626.9, \u03c3\u0302=54.3, z*=1.77), current_inv=518, order=205; chips(BBQ): base_stock=554.2 (\u03bc\u0302=468.1, \u03c3\u0302=48.7, z*=1.77), current_inv=388, order=167"
}

Day 34 Demand: {
  "action": {
    "chips(Regular)": 203,
    "chips(BBQ)": 190
  }
}

=== Day 34 Summary ===
chips(Regular): ordered=205, requested=203, sold=203, stock=118
chips(BBQ): ordered=167, requested=190, sold=190, stock=67
Daily Profit: $887.50, Daily Holding Cost: $17.16
Daily Reward (R_t): $870.34

Day 35 OR Decision: {
  "action": {
    "chips(Regular)": 202,
    "chips(BBQ)": 192
  },
  "rationale": "OR base-stock policy: chips(Regular): base_stock=721.4 (\u03bc\u0302=626.5, \u03c3\u0302=53.7, z*=1.77), current_inv=520, order=202; chips(BBQ): base_stock=556.9 (\u03bc\u0302=470.5, \u03c3\u0302=48.9, z*=1.77), current_inv=365, order=192"
}

Day 35 Demand: {
  "action": {
    "chips(Regular)": 205,
    "chips(BBQ)": 159
  }
}

=== Day 35 Summary ===
chips(Regular): ordered=202, requested=205, sold=205, stock=110
chips(BBQ): ordered=192, requested=159, sold=159, stock=39
Daily Profit: $830.50, Daily Holding Cost: $14.12
Daily Reward (R_t): $816.38

Day 36 OR Decision: {
  "action": {
    "chips(Regular)": 204,
    "chips(BBQ)": 159
  },
  "rationale": "OR base-stock policy: chips(Regular): base_stock=720.1 (\u03bc\u0302=626.2, \u03c3\u0302=53.1, z*=1.77), current_inv=517, order=204; chips(BBQ): base_stock=556.1 (\u03bc\u0302=470.6, \u03c3\u0302=48.3, z*=1.77), current_inv=398, order=159"
}

Day 36 Demand: {
  "action": {
    "chips(Regular)": 208,
    "chips(BBQ)": 110
  }
}

=== Day 36 Summary ===
chips(Regular): ordered=204, requested=208, sold=208, stock=107
chips(BBQ): ordered=159, requested=110, sold=110, stock=96
Daily Profit: $740.00, Daily Holding Cost: $18.38
Daily Reward (R_t): $721.62

Day 37 OR Decision: {
  "action": {
    "chips(Regular)": 207,
    "chips(BBQ)": 108
  },
  "rationale": "OR base-stock policy: chips(Regular): base_stock=719.0 (\u03bc\u0302=626.2, \u03c3\u0302=52.5, z*=1.77), current_inv=513, order=207; chips(BBQ): base_stock=554.7 (\u03bc\u0302=467.5, \u03c3\u0302=49.3, z*=1.77), current_inv=447, order=108"
}

Day 37 Demand: {
  "action": {
    "chips(Regular)": 202,
    "chips(BBQ)": 146
  }
}

=== Day 37 Summary ===
chips(Regular): ordered=207, requested=202, sold=202, stock=107
chips(BBQ): ordered=108, requested=146, sold=146, stock=142
Daily Profit: $797.00, Daily Holding Cost: $22.06
Daily Reward (R_t): $774.94

Day 38 OR Decision: {
  "action": {
    "chips(Regular)": 200,
    "chips(BBQ)": 145
  },
  "rationale": "OR base-stock policy: chips(Regular): base_stock=717.6 (\u03bc\u0302=625.7, \u03c3\u0302=52.0, z*=1.77), current_inv=518, order=200; chips(BBQ): base_stock=553.2 (\u03bc\u0302=466.9, \u03c3\u0302=48.8, z*=1.77), current_inv=409, order=145"
}

Day 38 Demand: {
  "action": {
    "chips(Regular)": 201,
    "chips(BBQ)": 151
  }
}

=== Day 38 Summary ===
chips(Regular): ordered=200, requested=201, sold=201, stock=110
chips(BBQ): ordered=145, requested=151, sold=151, stock=150
Daily Profit: $804.50, Daily Holding Cost: $23.00
Daily Reward (R_t): $781.50

Day 39 OR Decision: {
  "action": {
    "chips(Regular)": 200,
    "chips(BBQ)": 150
  },
  "rationale": "OR base-stock policy: chips(Regular): base_stock=716.2 (\u03bc\u0302=625.2, \u03c3\u0302=51.4, z*=1.77), current_inv=517, order=200; chips(BBQ): base_stock=552.0 (\u03bc\u0302=466.6, \u03c3\u0302=48.3, z*=1.77), current_inv=403, order=150"
}

Day 39 Demand: {
  "action": {
    "chips(Regular)": 198,
    "chips(BBQ)": 173
  }
}

=== Day 39 Summary ===
NEWS: Super Bowl in One Week: Expected to Break Viewership Records
chips(Regular): ordered=200, requested=198, sold=198, stock=119
chips(BBQ): ordered=150, requested=173, sold=173, stock=85
Daily Profit: $841.00, Daily Holding Cost: $18.70
Daily Reward (R_t): $822.30

Day 40 OR Decision: {
  "action": {
    "chips(Regular)": 196,
    "chips(BBQ)": 173
  },
  "rationale": "OR base-stock policy: chips(Regular): base_stock=714.8 (\u03bc\u0302=624.6, \u03c3\u0302=51.0, z*=1.77), current_inv=519, order=196; chips(BBQ): base_stock=552.6 (\u03bc\u0302=467.7, \u03c3\u0302=48.0, z*=1.77), current_inv=380, order=173"
}

Day 40 Demand: {
  "action": {
    "chips(Regular)": 394,
    "chips(BBQ)": 324
  }
}

=== Day 40 Summary ===
chips(Regular): ordered=196, requested=394, sold=319, stock=0
chips(BBQ): ordered=173, requested=324, sold=230, stock=0
Daily Profit: $1257.50, Daily Holding Cost: $0.00
Daily Reward (R_t): $1257.50

Day 41 OR Decision: {
  "action": {
    "chips(Regular)": 360,
    "chips(BBQ)": 266
  },
  "rationale": "OR base-stock policy: chips(Regular): base_stock=755.9 (\u03bc\u0302=635.8, \u03c3\u0302=67.9, z*=1.77), current_inv=396, order=360; chips(BBQ): base_stock=589.0 (\u03bc\u0302=477.8, \u03c3\u0302=62.9, z*=1.77), current_inv=323, order=266"
}

Day 41 Demand: {
  "action": {
    "chips(Regular)": 393,
    "chips(BBQ)": 275
  }
}

=== Day 41 Summary ===
chips(Regular): ordered=360, requested=393, sold=200, stock=0
chips(BBQ): ordered=266, requested=275, sold=150, stock=0
Daily Profit: $800.00, Daily Holding Cost: $0.00
Daily Reward (R_t): $800.00

Day 42 OR Decision: {
  "action": {
    "chips(Regular)": 233,
    "chips(BBQ)": 167
  },
  "rationale": "OR base-stock policy: chips(Regular): base_stock=788.5 (\u03bc\u0302=646.4, \u03c3\u0302=80.3, z*=1.77), current_inv=556, order=233; chips(BBQ): base_stock=605.3 (\u03bc\u0302=484.6, \u03c3\u0302=68.3, z*=1.77), current_inv=439, order=167"
}

Day 42 Demand: {
  "action": {
    "chips(Regular)": 396,
    "chips(BBQ)": 302
  }
}

=== Day 42 Summary ===
chips(Regular): ordered=233, requested=396, sold=196, stock=0
chips(BBQ): ordered=167, requested=302, sold=173, stock=0
Daily Profit: $836.00, Daily Holding Cost: $0.00
Daily Reward (R_t): $836.00

Day 43 OR Decision: {
  "action": {
    "chips(Regular)": 225,
    "chips(BBQ)": 194
  },
  "rationale": "OR base-stock policy: chips(Regular): base_stock=817.1 (\u03bc\u0302=656.8, \u03c3\u0302=90.6, z*=1.77), current_inv=593, order=225; chips(BBQ): base_stock=626.3 (\u03bc\u0302=492.7, \u03c3\u0302=75.5, z*=1.77), current_inv=433, order=194"
}

Day 43 Demand: {
  "action": {
    "chips(Regular)": 400,
    "chips(BBQ)": 294
  }
}

=== Day 43 Summary ===
chips(Regular): ordered=225, requested=400, sold=360, stock=0
chips(BBQ): ordered=194, requested=294, sold=266, stock=0
Daily Profit: $1432.00, Daily Holding Cost: $0.00
Daily Reward (R_t): $1432.00

Day 44 OR Decision: {
  "action": {
    "chips(Regular)": 386,
    "chips(BBQ)": 283
  },
  "rationale": "OR base-stock policy: chips(Regular): base_stock=843.1 (\u03bc\u0302=667.1, \u03c3\u0302=99.5, z*=1.77), current_inv=458, order=386; chips(BBQ): base_stock=643.2 (\u03bc\u0302=500.0, \u03c3\u0302=80.9, z*=1.77), current_inv=361, order=283"
}

Day 44 Demand: {
  "action": {
    "chips(Regular)": 399,
    "chips(BBQ)": 274
  }
}

=== Day 44 Summary ===
chips(Regular): ordered=386, requested=399, sold=233, stock=0
chips(BBQ): ordered=283, requested=274, sold=167, stock=0
Daily Profit: $916.50, Daily Holding Cost: $0.00
Daily Reward (R_t): $916.50

Day 45 OR Decision: {
  "action": {
    "chips(Regular)": 256,
    "chips(BBQ)": 178
  },
  "rationale": "OR base-stock policy: chips(Regular): base_stock=866.2 (\u03bc\u0302=676.9, \u03c3\u0302=107.0, z*=1.77), current_inv=611, order=256; chips(BBQ): base_stock=654.7 (\u03bc\u0302=506.0, \u03c3\u0302=84.1, z*=1.77), current_inv=477, order=178"
}

Day 45 Demand: {
  "action": {
    "chips(Regular)": 410,
    "chips(BBQ)": 310
  }
}

=== Day 45 Summary ===
chips(Regular): ordered=256, requested=410, sold=225, stock=0
chips(BBQ): ordered=178, requested=310, sold=194, stock=0
Daily Profit: $950.50, Daily Holding Cost: $0.00
Daily Reward (R_t): $950.50

Day 46 OR Decision: {
  "action": {
    "chips(Regular)": 248,
    "chips(BBQ)": 212
  },
  "rationale": "OR base-stock policy: chips(Regular): base_stock=889.3 (\u03bc\u0302=686.9, \u03c3\u0302=114.4, z*=1.77), current_inv=642, order=248; chips(BBQ): base_stock=672.2 (\u03bc\u0302=513.7, \u03c3\u0302=89.6, z*=1.77), current_inv=461, order=212"
}

Day 46 Demand: {
  "action": {
    "chips(Regular)": 200,
    "chips(BBQ)": 144
  }
}

=== Day 46 Summary ===
chips(Regular): ordered=248, requested=200, sold=200, stock=186
chips(BBQ): ordered=212, requested=144, sold=144, stock=139
Daily Profit: $788.00, Daily Holding Cost: $29.72
Daily Reward (R_t): $758.28

Day 47 OR Decision: {
  "action": {
    "chips(Regular)": 197,
    "chips(BBQ)": 141
  },
  "rationale": "OR base-stock policy: chips(Regular): base_stock=886.3 (\u03bc\u0302=685.4, \u03c3\u0302=113.6, z*=1.77), current_inv=690, order=197; chips(BBQ): base_stock=669.7 (\u03bc\u0302=512.2, \u03c3\u0302=89.0, z*=1.77), current_inv=529, order=141"
}

Day 47 Demand: {
  "action": {
    "chips(Regular)": 197,
    "chips(BBQ)": 161
  }
}

=== Day 47 Summary ===
chips(Regular): ordered=197, requested=197, sold=197, stock=245
chips(BBQ): ordered=141, requested=161, sold=161, stock=156
Daily Profit: $814.50, Daily Holding Cost: $36.98
Daily Reward (R_t): $777.52

Day 48 OR Decision: {
  "action": {
    "chips(Regular)": 194,
    "chips(BBQ)": 159
  },
  "rationale": "OR base-stock policy: chips(Regular): base_stock=883.2 (\u03bc\u0302=683.7, \u03c3\u0302=112.8, z*=1.77), current_inv=690, order=194; chips(BBQ): base_stock=667.8 (\u03bc\u0302=511.7, \u03c3\u0302=88.2, z*=1.77), current_inv=509, order=159"
}

Day 48 Demand: {
  "action": {
    "chips(Regular)": 195,
    "chips(BBQ)": 126
  }
}

=== Day 48 Summary ===
chips(Regular): ordered=194, requested=195, sold=195, stock=298
chips(BBQ): ordered=159, requested=126, sold=126, stock=242
Daily Profit: $739.50, Daily Holding Cost: $49.16
Daily Reward (R_t): $690.34

Day 49 OR Decision: {
  "action": {
    "chips(Regular)": 192,
    "chips(BBQ)": 124
  },
  "rationale": "OR base-stock policy: chips(Regular): base_stock=880.2 (\u03bc\u0302=682.0, \u03c3\u0302=112.0, z*=1.77), current_inv=689, order=192; chips(BBQ): base_stock=665.1 (\u03bc\u0302=509.4, \u03c3\u0302=88.0, z*=1.77), current_inv=542, order=124"
}

Day 49 Demand: {
  "action": {
    "chips(Regular)": 194,
    "chips(BBQ)": 181
  }
}

=== Day 49 Summary ===
chips(Regular): ordered=192, requested=194, sold=194, stock=301
chips(BBQ): ordered=124, requested=181, sold=181, stock=202
Daily Profit: $847.00, Daily Holding Cost: $46.26
Daily Reward (R_t): $800.74

Day 50 OR Decision: {
  "action": {
    "chips(Regular)": 191,
    "chips(BBQ)": 180
  },
  "rationale": "OR base-stock policy: chips(Regular): base_stock=877.3 (\u03bc\u0302=680.3, \u03c3\u0302=111.3, z*=1.77), current_inv=687, order=191; chips(BBQ): base_stock=664.4 (\u03bc\u0302=510.0, \u03c3\u0302=87.3, z*=1.77), current_inv=485, order=180"
}

Day 50 Demand: {
  "action": {
    "chips(Regular)": 204,
    "chips(BBQ)": 151
  }
}

=== Day 50 Summary ===
chips(Regular): ordered=191, requested=204, sold=204, stock=291
chips(BBQ): ordered=180, requested=151, sold=151, stock=210
Daily Profit: $812.00, Daily Holding Cost: $45.90
Daily Reward (R_t): $766.10

============================================================
=== Final Results (OR Algorithm Baseline) ===
============================================================

Per-Item Statistics:

chips(Regular) (Potato Chips (Regular), 10oz bag):
  Ordered: 10711, Sold: 10042, Ending: 483
  Profit/unit: $2.5, Holding: $0.1/unit/day
  Total Profit: $25105.0

chips(BBQ) (Potato Chips (BBQ), 20oz bag):
  Ordered: 8215, Sold: 7706, Ending: 334
  Profit/unit: $2.0, Holding: $0.08/unit/day
  Total Profit: $15412.0

============================================================
Daily Breakdown:
============================================================
Day 1: Profit=$22.50, Holding=$0.00, Reward=$22.50
Day 2 [NEWS: Hit Reality Show to Air Finale The Day After Tomorrow: Watch Parties Surge Nationwide]: Profit=$0.00, Holding=$0.00, Reward=$0.00
Day 3: Profit=$1221.50, Holding=$51.74, Reward=$1169.76
Day 4: Profit=$1177.00, Holding=$4.96, Reward=$1172.04
Day 5: Profit=$129.00, Holding=$0.00, Reward=$129.00
Day 6: Profit=$759.50, Holding=$32.54, Reward=$726.96
Day 7: Profit=$808.50, Holding=$53.52, Reward=$754.98
Day 8: Profit=$845.50, Holding=$24.98, Reward=$820.52
Day 9: Profit=$768.00, Holding=$23.06, Reward=$744.94
Day 10: Profit=$857.00, Holding=$20.28, Reward=$836.72
Day 11: Profit=$826.50, Holding=$20.86, Reward=$805.64
Day 12: Profit=$787.50, Holding=$19.18, Reward=$768.32
Day 13: Profit=$882.50, Holding=$18.16, Reward=$864.34
Day 14: Profit=$797.50, Holding=$18.84, Reward=$778.66
Day 15: Profit=$820.00, Holding=$16.90, Reward=$803.10
Day 16: Profit=$727.00, Holding=$23.14, Reward=$703.86
Day 17: Profit=$800.50, Holding=$22.58, Reward=$777.92
Day 18 [NEWS: Hit Reality Show to Air Finale The Day After Tomorrow: Watch Parties Surge Nationwide]: Profit=$750.00, Holding=$24.98, Reward=$725.02
Day 19: Profit=$1126.00, Holding=$8.48, Reward=$1117.52
Day 20: Profit=$1003.50, Holding=$0.00, Reward=$1003.50
Day 21: Profit=$736.50, Holding=$0.00, Reward=$736.50
Day 22: Profit=$812.00, Holding=$15.16, Reward=$796.84
Day 23: Profit=$846.00, Holding=$25.18, Reward=$820.82
Day 24: Profit=$795.50, Holding=$22.44, Reward=$773.06
Day 25: Profit=$862.00, Holding=$19.98, Reward=$842.02
Day 26: Profit=$732.00, Holding=$24.34, Reward=$707.66
Day 27: Profit=$807.00, Holding=$23.42, Reward=$783.58
Day 28: Profit=$773.50, Holding=$26.82, Reward=$746.68
Day 29: Profit=$818.50, Holding=$23.00, Reward=$795.50
Day 30: Profit=$792.00, Holding=$23.24, Reward=$768.76
Day 31: Profit=$723.50, Holding=$24.80, Reward=$698.70
Day 32: Profit=$763.50, Holding=$26.82, Reward=$736.68
Day 33: Profit=$851.50, Holding=$24.08, Reward=$827.42
Day 34: Profit=$887.50, Holding=$17.16, Reward=$870.34
Day 35: Profit=$830.50, Holding=$14.12, Reward=$816.38
Day 36: Profit=$740.00, Holding=$18.38, Reward=$721.62
Day 37: Profit=$797.00, Holding=$22.06, Reward=$774.94
Day 38: Profit=$804.50, Holding=$23.00, Reward=$781.50
Day 39 [NEWS: Super Bowl in One Week: Expected to Break Viewership Records]: Profit=$841.00, Holding=$18.70, Reward=$822.30
Day 40: Profit=$1257.50, Holding=$0.00, Reward=$1257.50
Day 41: Profit=$800.00, Holding=$0.00, Reward=$800.00
Day 42: Profit=$836.00, Holding=$0.00, Reward=$836.00
Day 43: Profit=$1432.00, Holding=$0.00, Reward=$1432.00
Day 44: Profit=$916.50, Holding=$0.00, Reward=$916.50
Day 45: Profit=$950.50, Holding=$0.00, Reward=$950.50
Day 46: Profit=$788.00, Holding=$29.72, Reward=$758.28
Day 47: Profit=$814.50, Holding=$36.98, Reward=$777.52
Day 48: Profit=$739.50, Holding=$49.16, Reward=$690.34
Day 49: Profit=$847.00, Holding=$46.26, Reward=$800.74
Day 50: Profit=$812.00, Holding=$45.90, Reward=$766.10

============================================================
=== TOTAL SUMMARY ===
============================================================
Total Profit from Sales: $40517.00
Total Holding Cost: $984.92

>>> Total Reward (OR Baseline): $39532.08 <<<
VM Final Reward: 39532.08
============================================================
